// Jest Snapshot v1, https://goo.gl/fbAQLP

exports[`Slider default snapshot 1`] = `[Function]`;
