// Jest Snapshot v1, https://goo.gl/fbAQLP

exports[`TextArea default snapshot 1`] = `
<DocumentFragment>
  <textarea
    autocomplete="off"
    class="ventura textarea"
    data-testid="textarea-comment"
    name="comment"
    spellcheck="false"
  />
</DocumentFragment>
`;
