// Jest Snapshot v1, https://goo.gl/fbAQLP

exports[`Popover default snapshot 1`] = `
<DocumentFragment>
  <div
    class="triggerContainer"
  >
    <button
      class="ventura button typePrimary"
      type="button"
    >
      <span
        class="label"
      >
        Click me!
      </span>
    </button>
  </div>
  <div
    class="contentContainer"
    data-popper-escaped="true"
    data-popper-placement="bottom-start"
    data-popper-reference-hidden="true"
    style="position: absolute; left: 0px; top: 0px; transform: translate(0px, 10px);"
  >
    <div
      class="arrow"
      style="position: absolute; left: 0px; transform: translate(0px, 0px);"
    />
    <div
      class="ventura menu"
    >
      <button
        class="ventura menuItem"
        data-testid="menu-item-default"
        name="default"
        type="button"
      >
        <span
          class="label"
        >
          Option 1
        </span>
      </button>
      <button
        class="ventura menuItem"
        type="button"
      >
        <svg
          fill="none"
          height="24"
          stroke="currentColor"
          stroke-linecap="round"
          stroke-linejoin="round"
          stroke-width="2"
          viewBox="0 0 24 24"
          width="24"
          xmlns="http://www.w3.org/2000/svg"
        >
          <path
            d="M9 19c-5 1.5-5-2.5-7-3m14 6v-3.87a3.37 3.37 0 0 0-.94-2.61c3.14-.35 6.44-1.54 6.44-7A5.44 5.44 0 0 0 20 4.77 5.07 5.07 0 0 0 19.91 1S18.73.65 16 2.48a13.38 13.38 0 0 0-7 0C6.27.65 5.09 1 5.09 1A5.07 5.07 0 0 0 5 4.77a5.44 5.44 0 0 0-1.5 3.78c0 5.42 3.3 6.61 6.44 7A3.37 3.37 0 0 0 9 18.13V22"
          />
        </svg>
        <span
          class="label labelWithPrefixIcon"
        >
          Option 2
        </span>
      </button>
    </div>
  </div>
</DocumentFragment>
`;
